LogInit: Display: Line 001 (tick=17) subsystem=PIE map=/Game/Maps/TestMap
LogPluginManager: Mounting Engine plugin Line 002 (tick=34) subsystem=PIE map=/Game/Maps/TestMap
LogDevObjectVersion: Line 003 (tick=51) subsystem=PIE map=/Game/Maps/TestMap
LogLoad: (1.12s) LoadMap: /Game/Maps/TestMap.TestMap
LogWorld: Line 005 (tick=85) subsystem=PIE map=/Game/Maps/TestMap
LogGameMode: Display: Line 006 (tick=102) subsystem=PIE map=/Game/Maps/TestMap
LogUObjectGlobals: Flushing async loading queueLine 007 (tick=119) subsystem=PIE map=/Game/Maps/TestMap
LogRenderer: Display: Line 008 (tick=136) subsystem=PIE map=/Game/Maps/TestMap
LogSlate: Line 009 (tick=153) subsystem=PIE map=/Game/Maps/TestMap
LogAudio: Display: Line 010 (tick=170) subsystem=PIE map=/Game/Maps/TestMap
LogInit: Display: Line 011 (tick=187) subsystem=PIE map=/Game/Maps/TestMap
LogPluginManager: Mounting Engine plugin Line 012 (tick=204) subsystem=PIE map=/Game/Maps/TestMap
LogDevObjectVersion: Line 013 (tick=221) subsystem=PIE map=/Game/Maps/TestMap
LogLoad: Line 014 (tick=238) subsystem=PIE map=/Game/Maps/TestMap
LogWorld: Line 015 (tick=255) subsystem=PIE map=/Game/Maps/TestMap
LogGameMode: Display: Line 016 (tick=272) subsystem=PIE map=/Game/Maps/TestMap
LogUObjectGlobals: Flushing async loading queueLine 017 (tick=289) subsystem=PIE map=/Game/Maps/TestMap
LogRenderer: Display: Line 018 (tick=306) subsystem=PIE map=/Game/Maps/TestMap
LogSlate: Line 019 (tick=323) subsystem=PIE map=/Game/Maps/TestMap
LogAudio: Display: Line 020 (tick=340) subsystem=PIE map=/Game/Maps/TestMap
LogInit: Display: Line 021 (tick=357) subsystem=PIE map=/Game/Maps/TestMap
LogPluginManager: Mounting Engine plugin Line 022 (tick=374) subsystem=PIE map=/Game/Maps/TestMap
LogDevObjectVersion: Line 023 (tick=391) subsystem=PIE map=/Game/Maps/TestMap
LogLoad: Line 024 (tick=408) subsystem=PIE map=/Game/Maps/TestMap
LogWorld: Line 025 (tick=425) subsystem=PIE map=/Game/Maps/TestMap
LogGameMode: Display: Line 026 (tick=442) subsystem=PIE map=/Game/Maps/TestMap
LogUObjectGlobals: Flushing async loading queueLine 027 (tick=459) subsystem=PIE map=/Game/Maps/TestMap
LogRenderer: Display: Line 028 (tick=476) subsystem=PIE map=/Game/Maps/TestMap
LogSlate: Line 029 (tick=493) subsystem=PIE map=/Game/Maps/TestMap
LogAudio: Display: Line 030 (tick=510) subsystem=PIE map=/Game/Maps/TestMap
LogInit: Display: Line 031 (tick=527) subsystem=PIE map=/Game/Maps/TestMap
LogPluginManager: Mounting Engine plugin Line 032 (tick=544) subsystem=PIE map=/Game/Maps/TestMap
LogDevObjectVersion: Line 033 (tick=561) subsystem=PIE map=/Game/Maps/TestMap
LogLoad: Line 034 (tick=578) subsystem=PIE map=/Game/Maps/TestMap
LogWorld: Line 035 (tick=595) subsystem=PIE map=/Game/Maps/TestMap
LogGameMode: Display: Line 036 (tick=612) subsystem=PIE map=/Game/Maps/TestMap
LogUObjectGlobals: Flushing async loading queueLine 037 (tick=629) subsystem=PIE map=/Game/Maps/TestMap
LogRenderer: Display: Line 038 (tick=646) subsystem=PIE map=/Game/Maps/TestMap
LogSlate: Line 039 (tick=663) subsystem=PIE map=/Game/Maps/TestMap
LogAudio: Display: Line 040 (tick=680) subsystem=PIE map=/Game/Maps/TestMap
LogInit: Display: Line 041 (tick=697) subsystem=PIE map=/Game/Maps/TestMap
LogPluginManager: Mounting Engine plugin Line 042 (tick=714) subsystem=PIE map=/Game/Maps/TestMap
LogDevObjectVersion: Line 043 (tick=731) subsystem=PIE map=/Game/Maps/TestMap
LogLoad: Line 044 (tick=748) subsystem=PIE map=/Game/Maps/TestMap
LogWorld: Line 045 (tick=765) subsystem=PIE map=/Game/Maps/TestMap
LogGameMode: Display: Line 046 (tick=782) subsystem=PIE map=/Game/Maps/TestMap
LogUObjectGlobals: Flushing async loading queueLine 047 (tick=799) subsystem=PIE map=/Game/Maps/TestMap
LogRenderer: Display: Line 048 (tick=816) subsystem=PIE map=/Game/Maps/TestMap
LogSlate: Line 049 (tick=833) subsystem=PIE map=/Game/Maps/TestMap
LogAudio: Display: Line 050 (tick=850) subsystem=PIE map=/Game/Maps/TestMap
LogInit: Display: Line 051 (tick=867) subsystem=PIE map=/Game/Maps/TestMap
LogPluginManager: Mounting Engine plugin Line 052 (tick=884) subsystem=PIE map=/Game/Maps/TestMap
LogDevObjectVersion: Line 053 (tick=901) subsystem=PIE map=/Game/Maps/TestMap
LogLoad: Line 054 (tick=918) subsystem=PIE map=/Game/Maps/TestMap
LogWorld: Line 055 (tick=935) subsystem=PIE map=/Game/Maps/TestMap
LogGameMode: Display: Line 056 (tick=952) subsystem=PIE map=/Game/Maps/TestMap
LogUObjectGlobals: Flushing async loading queueLine 057 (tick=969) subsystem=PIE map=/Game/Maps/TestMap
LogRenderer: Display: Line 058 (tick=986) subsystem=PIE map=/Game/Maps/TestMap
LogSlate: Line 059 (tick=6) subsystem=PIE map=/Game/Maps/TestMap
LogAudio: Display: Line 060 (tick=23) subsystem=PIE map=/Game/Maps/TestMap
LogInit: Display: Line 061 (tick=40) subsystem=PIE map=/Game/Maps/TestMap
LogPluginManager: Mounting Engine plugin Line 062 (tick=57) subsystem=PIE map=/Game/Maps/TestMap
LogDevObjectVersion: Line 063 (tick=74) subsystem=PIE map=/Game/Maps/TestMap
LogLoad: Line 064 (tick=91) subsystem=PIE map=/Game/Maps/TestMap
LogWorld: Line 065 (tick=108) subsystem=PIE map=/Game/Maps/TestMap
LogGameMode: Display: Line 066 (tick=125) subsystem=PIE map=/Game/Maps/TestMap
LogUObjectGlobals: Flushing async loading queueLine 067 (tick=142) subsystem=PIE map=/Game/Maps/TestMap
LogRenderer: Display: Line 068 (tick=159) subsystem=PIE map=/Game/Maps/TestMap
LogSlate: Line 069 (tick=176) subsystem=PIE map=/Game/Maps/TestMap
LogAudio: Display: Line 070 (tick=193) subsystem=PIE map=/Game/Maps/TestMap
LogInit: Display: Line 071 (tick=210) subsystem=PIE map=/Game/Maps/TestMap
LogPluginManager: Mounting Engine plugin Line 072 (tick=227) subsystem=PIE map=/Game/Maps/TestMap
LogDevObjectVersion: Line 073 (tick=244) subsystem=PIE map=/Game/Maps/TestMap
LogLoad: Line 074 (tick=261) subsystem=PIE map=/Game/Maps/TestMap
LogWorld: Line 075 (tick=278) subsystem=PIE map=/Game/Maps/TestMap
LogGameMode: Display: Line 076 (tick=295) subsystem=PIE map=/Game/Maps/TestMap
LogUObjectGlobals: Flushing async loading queueLine 077 (tick=312) subsystem=PIE map=/Game/Maps/TestMap
LogRenderer: Display: Line 078 (tick=329) subsystem=PIE map=/Game/Maps/TestMap
LogSlate: Line 079 (tick=346) subsystem=PIE map=/Game/Maps/TestMap
LogAudio: Display: Line 080 (tick=363) subsystem=PIE map=/Game/Maps/TestMap
LogInit: Display: Line 081 (tick=380) subsystem=PIE map=/Game/Maps/TestMap
LogPluginManager: Mounting Engine plugin Line 082 (tick=397) subsystem=PIE map=/Game/Maps/TestMap
LogDevObjectVersion: Line 083 (tick=414) subsystem=PIE map=/Game/Maps/TestMap
LogLoad: Line 084 (tick=431) subsystem=PIE map=/Game/Maps/TestMap
LogWorld: Line 085 (tick=448) subsystem=PIE map=/Game/Maps/TestMap
LogGameMode: Display: Line 086 (tick=465) subsystem=PIE map=/Game/Maps/TestMap
LogUObjectGlobals: Flushing async loading queueLine 087 (tick=482) subsystem=PIE map=/Game/Maps/TestMap
LogRenderer: Display: Line 088 (tick=499) subsystem=PIE map=/Game/Maps/TestMap
LogSlate: Line 089 (tick=516) subsystem=PIE map=/Game/Maps/TestMap
LogAudio: Display: Line 090 (tick=533) subsystem=PIE map=/Game/Maps/TestMap
LogInit: Display: Line 091 (tick=550) subsystem=PIE map=/Game/Maps/TestMap
LogPluginManager: Mounting Engine plugin Line 092 (tick=567) subsystem=PIE map=/Game/Maps/TestMap
LogDevObjectVersion: Line 093 (tick=584) subsystem=PIE map=/Game/Maps/TestMap
LogLoad: Line 094 (tick=601) subsystem=PIE map=/Game/Maps/TestMap
LogWorld: Line 095 (tick=618) subsystem=PIE map=/Game/Maps/TestMap
LogGameMode: Display: Line 096 (tick=635) subsystem=PIE map=/Game/Maps/TestMap
LogUObjectGlobals: Flushing async loading queueLine 097 (tick=652) subsystem=PIE map=/Game/Maps/TestMap
LogRenderer: Display: Line 098 (tick=669) subsystem=PIE map=/Game/Maps/TestMap
LogSlate: Line 099 (tick=686) subsystem=PIE map=/Game/Maps/TestMap
LogAudio: Display: Line 100 (tick=703) subsystem=PIE map=/Game/Maps/TestMap
LogInit: Display: Line 101 (tick=720) subsystem=PIE map=/Game/Maps/TestMap
LogPluginManager: Mounting Engine plugin Line 102 (tick=737) subsystem=PIE map=/Game/Maps/TestMap
LogDevObjectVersion: Line 103 (tick=754) subsystem=PIE map=/Game/Maps/TestMap
LogLoad: Line 104 (tick=771) subsystem=PIE map=/Game/Maps/TestMap
LogWorld: Line 105 (tick=788) subsystem=PIE map=/Game/Maps/TestMap
LogGameMode: Display: Line 106 (tick=805) subsystem=PIE map=/Game/Maps/TestMap
LogUObjectGlobals: Flushing async loading queueLine 107 (tick=822) subsystem=PIE map=/Game/Maps/TestMap
LogRenderer: Display: Line 108 (tick=839) subsystem=PIE map=/Game/Maps/TestMap
LogSlate: Line 109 (tick=856) subsystem=PIE map=/Game/Maps/TestMap
LogAudio: Display: Line 110 (tick=873) subsystem=PIE map=/Game/Maps/TestMap
LogInit: Display: Line 111 (tick=890) subsystem=PIE map=/Game/Maps/TestMap
LogPluginManager: Mounting Engine plugin Line 112 (tick=907) subsystem=PIE map=/Game/Maps/TestMap
LogDevObjectVersion: Line 113 (tick=924) subsystem=PIE map=/Game/Maps/TestMap
LogLoad: Line 114 (tick=941) subsystem=PIE map=/Game/Maps/TestMap
LogWorld: Line 115 (tick=958) subsystem=PIE map=/Game/Maps/TestMap
LogGameMode: Display: Line 116 (tick=975) subsystem=PIE map=/Game/Maps/TestMap
LogUObjectGlobals: Flushing async loading queueLine 117 (tick=992) subsystem=PIE map=/Game/Maps/TestMap
LogRenderer: Display: Line 118 (tick=12) subsystem=PIE map=/Game/Maps/TestMap
LogSlate: Line 119 (tick=29) subsystem=PIE map=/Game/Maps/TestMap
LogAudio: Display: Line 120 (tick=46) subsystem=PIE map=/Game/Maps/TestMap
LogInit: Display: Line 121 (tick=63) subsystem=PIE map=/Game/Maps/TestMap
LogPluginManager: Mounting Engine plugin Line 122 (tick=80) subsystem=PIE map=/Game/Maps/TestMap
LogDevObjectVersion: Line 123 (tick=97) subsystem=PIE map=/Game/Maps/TestMap
LogLoad: Line 124 (tick=114) subsystem=PIE map=/Game/Maps/TestMap
LogWorld: Line 125 (tick=131) subsystem=PIE map=/Game/Maps/TestMap
LogGameMode: Display: Line 126 (tick=148) subsystem=PIE map=/Game/Maps/TestMap
LogUObjectGlobals: Flushing async loading queueLine 127 (tick=165) subsystem=PIE map=/Game/Maps/TestMap
LogRenderer: Display: Line 128 (tick=182) subsystem=PIE map=/Game/Maps/TestMap
LogSlate: Line 129 (tick=199) subsystem=PIE map=/Game/Maps/TestMap
LogAudio: Display: Line 130 (tick=216) subsystem=PIE map=/Game/Maps/TestMap
LogInit: Display: Line 131 (tick=233) subsystem=PIE map=/Game/Maps/TestMap
LogPluginManager: Mounting Engine plugin Line 132 (tick=250) subsystem=PIE map=/Game/Maps/TestMap
LogDevObjectVersion: Line 133 (tick=267) subsystem=PIE map=/Game/Maps/TestMap
LogLoad: Line 134 (tick=284) subsystem=PIE map=/Game/Maps/TestMap
LogWorld: Line 135 (tick=301) subsystem=PIE map=/Game/Maps/TestMap
LogGameMode: Display: Line 136 (tick=318) subsystem=PIE map=/Game/Maps/TestMap
LogUObjectGlobals: Flushing async loading queueLine 137 (tick=335) subsystem=PIE map=/Game/Maps/TestMap
LogRenderer: Display: Line 138 (tick=352) subsystem=PIE map=/Game/Maps/TestMap
LogSlate: Line 139 (tick=369) subsystem=PIE map=/Game/Maps/TestMap
LogAudio: Display: Line 140 (tick=386) subsystem=PIE map=/Game/Maps/TestMap
LogInit: Display: Line 141 (tick=403) subsystem=PIE map=/Game/Maps/TestMap
LogPluginManager: Mounting Engine plugin Line 142 (tick=420) subsystem=PIE map=/Game/Maps/TestMap
LogDevObjectVersion: Line 143 (tick=437) subsystem=PIE map=/Game/Maps/TestMap
LogLoad: Line 144 (tick=454) subsystem=PIE map=/Game/Maps/TestMap
LogWorld: Line 145 (tick=471) subsystem=PIE map=/Game/Maps/TestMap
LogGameMode: Display: Line 146 (tick=488) subsystem=PIE map=/Game/Maps/TestMap
LogUObjectGlobals: Flushing async loading queueLine 147 (tick=505) subsystem=PIE map=/Game/Maps/TestMap
LogRenderer: Display: Line 148 (tick=522) subsystem=PIE map=/Game/Maps/TestMap
LogSlate: Line 149 (tick=539) subsystem=PIE map=/Game/Maps/TestMap
LogAudio: Display: Line 150 (tick=556) subsystem=PIE map=/Game/Maps/TestMap
LogInit: Display: Line 151 (tick=573) subsystem=PIE map=/Game/Maps/TestMap
LogPluginManager: Mounting Engine plugin Line 152 (tick=590) subsystem=PIE map=/Game/Maps/TestMap
LogDevObjectVersion: Line 153 (tick=607) subsystem=PIE map=/Game/Maps/TestMap
LogLoad: Line 154 (tick=624) subsystem=PIE map=/Game/Maps/TestMap
LogWorld: Line 155 (tick=641) subsystem=PIE map=/Game/Maps/TestMap
LogGameMode: Display: Line 156 (tick=658) subsystem=PIE map=/Game/Maps/TestMap
LogUObjectGlobals: Flushing async loading queueLine 157 (tick=675) subsystem=PIE map=/Game/Maps/TestMap
LogRenderer: Display: Line 158 (tick=692) subsystem=PIE map=/Game/Maps/TestMap
LogSlate: Line 159 (tick=709) subsystem=PIE map=/Game/Maps/TestMap
LogAudio: Display: Line 160 (tick=726) subsystem=PIE map=/Game/Maps/TestMap
LogInit: Display: Line 161 (tick=743) subsystem=PIE map=/Game/Maps/TestMap
LogPluginManager: Mounting Engine plugin Line 162 (tick=760) subsystem=PIE map=/Game/Maps/TestMap
LogDevObjectVersion: Line 163 (tick=777) subsystem=PIE map=/Game/Maps/TestMap
LogLoad: Line 164 (tick=794) subsystem=PIE map=/Game/Maps/TestMap
LogWorld: Line 165 (tick=811) subsystem=PIE map=/Game/Maps/TestMap
LogGameMode: Display: Line 166 (tick=828) subsystem=PIE map=/Game/Maps/TestMap
LogUObjectGlobals: Flushing async loading queueLine 167 (tick=845) subsystem=PIE map=/Game/Maps/TestMap
LogRenderer: Display: Line 168 (tick=862) subsystem=PIE map=/Game/Maps/TestMap
LogSlate: Line 169 (tick=879) subsystem=PIE map=/Game/Maps/TestMap
LogAudio: Display: Line 170 (tick=896) subsystem=PIE map=/Game/Maps/TestMap
LogInit: Display: Line 171 (tick=913) subsystem=PIE map=/Game/Maps/TestMap
LogPluginManager: Mounting Engine plugin Line 172 (tick=930) subsystem=PIE map=/Game/Maps/TestMap
LogDevObjectVersion: Line 173 (tick=947) subsystem=PIE map=/Game/Maps/TestMap
LogLoad: Line 174 (tick=964) subsystem=PIE map=/Game/Maps/TestMap
LogWorld: Line 175 (tick=981) subsystem=PIE map=/Game/Maps/TestMap
LogGameMode: Display: Line 176 (tick=1) subsystem=PIE map=/Game/Maps/TestMap
LogUObjectGlobals: Flushing async loading queueLine 177 (tick=18) subsystem=PIE map=/Game/Maps/TestMap
LogRenderer: Display: Line 178 (tick=35) subsystem=PIE map=/Game/Maps/TestMap
LogSlate: Line 179 (tick=52) subsystem=PIE map=/Game/Maps/TestMap
LogAudio: Display: Line 180 (tick=69) subsystem=PIE map=/Game/Maps/TestMap
LogInit: Display: Line 181 (tick=86) subsystem=PIE map=/Game/Maps/TestMap
LogPluginManager: Mounting Engine plugin Line 182 (tick=103) subsystem=PIE map=/Game/Maps/TestMap
LogDevObjectVersion: Line 183 (tick=120) subsystem=PIE map=/Game/Maps/TestMap
LogLoad: Line 184 (tick=137) subsystem=PIE map=/Game/Maps/TestMap
LogWorld: Line 185 (tick=154) subsystem=PIE map=/Game/Maps/TestMap
LogGameMode: Display: Line 186 (tick=171) subsystem=PIE map=/Game/Maps/TestMap
LogUObjectGlobals: Flushing async loading queueLine 187 (tick=188) subsystem=PIE map=/Game/Maps/TestMap
LogRenderer: Display: Line 188 (tick=205) subsystem=PIE map=/Game/Maps/TestMap
LogSlate: Line 189 (tick=222) subsystem=PIE map=/Game/Maps/TestMap
LogAudio: Display: Line 190 (tick=239) subsystem=PIE map=/Game/Maps/TestMap
LogInit: Display: Line 191 (tick=256) subsystem=PIE map=/Game/Maps/TestMap
LogPluginManager: Mounting Engine plugin Line 192 (tick=273) subsystem=PIE map=/Game/Maps/TestMap
LogDevObjectVersion: Line 193 (tick=290) subsystem=PIE map=/Game/Maps/TestMap
LogLoad: Line 194 (tick=307) subsystem=PIE map=/Game/Maps/TestMap
LogWorld: Line 195 (tick=324) subsystem=PIE map=/Game/Maps/TestMap
LogPlayLevel: Display: Game engine initialized.
LogUObjectGlobals: Flushing async loading queueLine 197 (tick=358) subsystem=PIE map=/Game/Maps/TestMap
LogRenderer: Display: Line 198 (tick=375) subsystem=PIE map=/Game/Maps/TestMap
LogSlate: Line 199 (tick=392) subsystem=PIE map=/Game/Maps/TestMap
LogAudio: Display: Line 200 (tick=409) subsystem=PIE map=/Game/Maps/TestMap
