LogInit: Display: Running engine for game HelloLevel
LogInit: Version: 5.3.2-0+++UE5+Release-5.3
LogInit: Compiled (64-bit): Apr 20 2026 10:00:00
LogInit: Command line: BuildCookRun -project=HelloLevel -cook -stage -platform=Win64+Mac -clientconfig=Shipping
LogInit: Presizing for max 2097152 objects, including 1 objects not considered by GC.
LogCook: Display: Processing object bucket 6 / 187 (deterministic ordering)
LogCook: Display: Processing object bucket 7 / 187 (deterministic ordering)
LogCook: Display: Processing object bucket 8 / 187 (deterministic ordering)
LogCook: Display: Processing object bucket 9 / 187 (deterministic ordering)
LogCook: Display: Processing object bucket 10 / 187 (deterministic ordering)
LogCook: Display: Processing object bucket 11 / 187 (deterministic ordering)
LogCook: Display: Processing object bucket 12 / 187 (deterministic ordering)
LogCook: Display: Processing object bucket 13 / 187 (deterministic ordering)
LogCook: Display: Processing object bucket 14 / 187 (deterministic ordering)
LogCook: Display: Processing object bucket 15 / 187 (deterministic ordering)
LogCook: Display: Processing object bucket 16 / 187 (deterministic ordering)
LogCook: Display: Processing object bucket 17 / 187 (deterministic ordering)
LogCook: Display: Processing object bucket 18 / 187 (deterministic ordering)
LogCook: Display: Processing object bucket 19 / 187 (deterministic ordering)
LogCook: Display: Processing object bucket 20 / 187 (deterministic ordering)
LogCook: Display: Processing object bucket 21 / 187 (deterministic ordering)
LogCook: Display: Processing object bucket 22 / 187 (deterministic ordering)
LogCook: Display: Processing object bucket 23 / 187 (deterministic ordering)
LogCook: Display: Processing object bucket 24 / 187 (deterministic ordering)
LogCook: Display: Processing object bucket 25 / 187 (deterministic ordering)
LogCook: Display: Processing object bucket 26 / 187 (deterministic ordering)
LogCook: Display: Processing object bucket 27 / 187 (deterministic ordering)
LogCook: Display: Processing object bucket 28 / 187 (deterministic ordering)
LogCook: Display: Processing object bucket 29 / 187 (deterministic ordering)
LogCook: Display: Processing object bucket 30 / 187 (deterministic ordering)
LogCook: Display: Processing object bucket 31 / 187 (deterministic ordering)
LogCook: Display: Processing object bucket 32 / 187 (deterministic ordering)
LogCook: Display: Processing object bucket 33 / 187 (deterministic ordering)
LogCook: Display: Processing object bucket 34 / 187 (deterministic ordering)
LogCook: Display: Processing object bucket 35 / 187 (deterministic ordering)
LogCook: Display: Processing object bucket 36 / 187 (deterministic ordering)
LogCook: Display: Processing object bucket 37 / 187 (deterministic ordering)
LogCook: Display: Processing object bucket 38 / 187 (deterministic ordering)
LogCook: Display: Processing object bucket 39 / 187 (deterministic ordering)
LogCook: Display: Processing object bucket 40 / 187 (deterministic ordering)
LogCook: Display: Processing object bucket 41 / 187 (deterministic ordering)
LogCook: Display: Processing object bucket 42 / 187 (deterministic ordering)
LogCook: Display: Processing object bucket 43 / 187 (deterministic ordering)
LogCook: Display: Processing object bucket 44 / 187 (deterministic ordering)
LogCook: Display: Processing object bucket 45 / 187 (deterministic ordering)
LogCook: Display: Processing object bucket 46 / 187 (deterministic ordering)
LogCook: Display: Processing object bucket 47 / 187 (deterministic ordering)
LogCook: Display: Processing object bucket 48 / 187 (deterministic ordering)
LogCook: Display: Processing object bucket 49 / 187 (deterministic ordering)
LogCook: Display: Processing object bucket 50 / 187 (deterministic ordering)
LogCook: Display: Processing object bucket 51 / 187 (deterministic ordering)
LogCook: Display: Processing object bucket 52 / 187 (deterministic ordering)
LogCook: Display: Processing object bucket 53 / 187 (deterministic ordering)
LogCook: Display: Processing object bucket 54 / 187 (deterministic ordering)
LogCook: Display: Processing object bucket 55 / 187 (deterministic ordering)
LogCook: Display: Processing object bucket 56 / 187 (deterministic ordering)
LogCook: Display: Processing object bucket 57 / 187 (deterministic ordering)
LogCook: Display: Processing object bucket 58 / 187 (deterministic ordering)
LogCook: Display: Processing object bucket 59 / 187 (deterministic ordering)
LogCook: Display: Processing object bucket 60 / 187 (deterministic ordering)
LogCook: Display: Processing object bucket 61 / 187 (deterministic ordering)
LogCook: Display: Processing object bucket 62 / 187 (deterministic ordering)
LogCook: Display: Processing object bucket 63 / 187 (deterministic ordering)
LogCook: Display: Processing object bucket 64 / 187 (deterministic ordering)
LogCook: Display: Processing object bucket 65 / 187 (deterministic ordering)
LogCook: Display: Processing object bucket 66 / 187 (deterministic ordering)
LogCook: Display: Processing object bucket 67 / 187 (deterministic ordering)
LogCook: Display: Processing object bucket 68 / 187 (deterministic ordering)
LogCook: Display: Processing object bucket 69 / 187 (deterministic ordering)
LogCook: Display: Processing object bucket 70 / 187 (deterministic ordering)
LogCook: Display: Processing object bucket 71 / 187 (deterministic ordering)
LogCook: Display: Processing object bucket 72 / 187 (deterministic ordering)
LogCook: Display: Processing object bucket 73 / 187 (deterministic ordering)
LogCook: Display: Processing object bucket 74 / 187 (deterministic ordering)
LogCook: Display: Processing object bucket 75 / 187 (deterministic ordering)
LogCook: Display: Processing object bucket 76 / 187 (deterministic ordering)
LogCook: Display: Processing object bucket 77 / 187 (deterministic ordering)
LogCook: Display: Processing object bucket 78 / 187 (deterministic ordering)
LogCook: Display: Processing object bucket 79 / 187 (deterministic ordering)
LogCook: Display: Processing object bucket 80 / 187 (deterministic ordering)
LogCook: Display: Processing object bucket 81 / 187 (deterministic ordering)
LogCook: Display: Processing object bucket 82 / 187 (deterministic ordering)
LogCook: Display: Processing object bucket 83 / 187 (deterministic ordering)
LogCook: Display: Processing object bucket 84 / 187 (deterministic ordering)
LogCook: Display: Processing object bucket 85 / 187 (deterministic ordering)
LogCook: Display: Processing object bucket 86 / 187 (deterministic ordering)
LogCook: Display: Processing object bucket 87 / 187 (deterministic ordering)
LogCook: Display: Processing object bucket 88 / 187 (deterministic ordering)
LogCook: Display: Processing object bucket 89 / 187 (deterministic ordering)
LogCook: Display: Processing object bucket 90 / 187 (deterministic ordering)
LogCook: Display: Processing object bucket 91 / 187 (deterministic ordering)
LogCook: Display: Processing object bucket 92 / 187 (deterministic ordering)
LogCook: Display: Processing object bucket 93 / 187 (deterministic ordering)
LogCook: Display: Processing object bucket 94 / 187 (deterministic ordering)
LogCook: Display: Processing object bucket 95 / 187 (deterministic ordering)
LogCook: Display: Processing object bucket 96 / 187 (deterministic ordering)
LogCook: Display: Processing object bucket 97 / 187 (deterministic ordering)
LogCook: Display: Processing object bucket 98 / 187 (deterministic ordering)
LogCook: Display: Processing object bucket 99 / 187 (deterministic ordering)
LogCook: Display: Processing object bucket 100 / 187 (deterministic ordering)
LogCook: Display: Processing object bucket 101 / 187 (deterministic ordering)
LogCook: Display: Processing object bucket 102 / 187 (deterministic ordering)
LogCook: Display: Processing object bucket 103 / 187 (deterministic ordering)
LogCook: Display: Processing object bucket 104 / 187 (deterministic ordering)
LogCook: Display: Processing object bucket 105 / 187 (deterministic ordering)
LogCook: Display: Processing object bucket 106 / 187 (deterministic ordering)
LogCook: Display: Processing object bucket 107 / 187 (deterministic ordering)
LogCook: Display: Processing object bucket 108 / 187 (deterministic ordering)
LogCook: Display: Processing object bucket 109 / 187 (deterministic ordering)
LogCook: Display: Processing object bucket 110 / 187 (deterministic ordering)
LogCook: Display: Processing object bucket 111 / 187 (deterministic ordering)
LogCook: Display: Processing object bucket 112 / 187 (deterministic ordering)
LogCook: Display: Processing object bucket 113 / 187 (deterministic ordering)
LogCook: Display: Processing object bucket 114 / 187 (deterministic ordering)
LogCook: Display: Processing object bucket 115 / 187 (deterministic ordering)
LogCook: Display: Processing object bucket 116 / 187 (deterministic ordering)
LogCook: Display: Processing object bucket 117 / 187 (deterministic ordering)
LogCook: Display: Processing object bucket 118 / 187 (deterministic ordering)
LogCook: Display: Processing object bucket 119 / 187 (deterministic ordering)
LogCook: Display: Processing object bucket 120 / 187 (deterministic ordering)
LogCook: Display: Processing object bucket 121 / 187 (deterministic ordering)
LogCook: Display: Processing object bucket 122 / 187 (deterministic ordering)
LogCook: Display: Processing object bucket 123 / 187 (deterministic ordering)
LogCook: Display: Processing object bucket 124 / 187 (deterministic ordering)
LogCook: Display: Processing object bucket 125 / 187 (deterministic ordering)
LogCook: Display: Processing object bucket 126 / 187 (deterministic ordering)
LogCook: Display: Processing object bucket 127 / 187 (deterministic ordering)
LogCook: Display: Processing object bucket 128 / 187 (deterministic ordering)
LogCook: Display: Processing object bucket 129 / 187 (deterministic ordering)
LogCook: Display: Processing object bucket 130 / 187 (deterministic ordering)
LogCook: Display: Processing object bucket 131 / 187 (deterministic ordering)
LogCook: Display: Processing object bucket 132 / 187 (deterministic ordering)
LogCook: Display: Processing object bucket 133 / 187 (deterministic ordering)
LogCook: Display: Processing object bucket 134 / 187 (deterministic ordering)
LogCook: Display: Processing object bucket 135 / 187 (deterministic ordering)
LogCook: Display: Processing object bucket 136 / 187 (deterministic ordering)
LogCook: Display: Processing object bucket 137 / 187 (deterministic ordering)
LogCook: Display: Processing object bucket 138 / 187 (deterministic ordering)
LogCook: Display: Processing object bucket 139 / 187 (deterministic ordering)
LogCook: Display: Processing object bucket 140 / 187 (deterministic ordering)
LogCook: Display: Processing object bucket 141 / 187 (deterministic ordering)
LogCook: Display: Processing object bucket 142 / 187 (deterministic ordering)
LogCook: Display: Processing object bucket 143 / 187 (deterministic ordering)
LogCook: Display: Processing object bucket 144 / 187 (deterministic ordering)
LogCook: Display: Processing object bucket 145 / 187 (deterministic ordering)
LogCook: Display: Processing object bucket 146 / 187 (deterministic ordering)
LogCook: Display: Processing object bucket 147 / 187 (deterministic ordering)
LogCook: Display: Processing object bucket 148 / 187 (deterministic ordering)
LogCook: Display: Processing object bucket 149 / 187 (deterministic ordering)
LogCook: Display: Processing object bucket 150 / 187 (deterministic ordering)
LogCook: Display: Processing object bucket 151 / 187 (deterministic ordering)
LogCook: Display: Processing object bucket 152 / 187 (deterministic ordering)
LogCook: Display: Processing object bucket 153 / 187 (deterministic ordering)
LogCook: Display: Processing object bucket 154 / 187 (deterministic ordering)
LogCook: Display: Processing object bucket 155 / 187 (deterministic ordering)
LogCook: Display: Processing object bucket 156 / 187 (deterministic ordering)
LogCook: Display: Processing object bucket 157 / 187 (deterministic ordering)
LogCook: Display: Processing object bucket 158 / 187 (deterministic ordering)
LogCook: Display: Processing object bucket 159 / 187 (deterministic ordering)
LogCook: Display: Processing object bucket 160 / 187 (deterministic ordering)
LogCook: Display: Processing object bucket 161 / 187 (deterministic ordering)
LogCook: Display: Processing object bucket 162 / 187 (deterministic ordering)
LogCook: Display: Processing object bucket 163 / 187 (deterministic ordering)
LogCook: Display: Processing object bucket 164 / 187 (deterministic ordering)
LogCook: Display: Processing object bucket 165 / 187 (deterministic ordering)
LogCook: Display: Processing object bucket 166 / 187 (deterministic ordering)
LogCook: Display: Processing object bucket 167 / 187 (deterministic ordering)
LogCook: Display: Processing object bucket 168 / 187 (deterministic ordering)
LogCook: Display: Processing object bucket 169 / 187 (deterministic ordering)
LogCook: Display: Processing object bucket 170 / 187 (deterministic ordering)
LogCook: Display: Processing object bucket 171 / 187 (deterministic ordering)
LogCook: Display: Processing object bucket 172 / 187 (deterministic ordering)
LogCook: Display: Processing object bucket 173 / 187 (deterministic ordering)
LogCook: Display: Processing object bucket 174 / 187 (deterministic ordering)
LogCook: Display: Processing object bucket 175 / 187 (deterministic ordering)
LogCook: Display: Processing object bucket 176 / 187 (deterministic ordering)
LogCook: Display: Processing object bucket 177 / 187 (deterministic ordering)
LogCook: Display: Processing object bucket 178 / 187 (deterministic ordering)
LogCook: Display: Processing object bucket 179 / 187 (deterministic ordering)
LogCook: Display: Processing object bucket 180 / 187 (deterministic ordering)
LogCook: Display: Processing object bucket 181 / 187 (deterministic ordering)
LogCook: Display: Processing object bucket 182 / 187 (deterministic ordering)
LogCook: Display: Processing object bucket 183 / 187 (deterministic ordering)
LogCook: Display: Processing object bucket 184 / 187 (deterministic ordering)
LogCook: Display: Processing object bucket 185 / 187 (deterministic ordering)
LogCook: Display: Processing object bucket 186 / 187 (deterministic ordering)
LogCook: Display: Processing object bucket 187 / 187 (deterministic ordering)
LogCook: Display: Processing object bucket 188 / 187 (deterministic ordering)
LogCook: Display: Processing object bucket 189 / 187 (deterministic ordering)
LogCook: Display: Processing object bucket 190 / 187 (deterministic ordering)
LogCook: Display: Processing object bucket 191 / 187 (deterministic ordering)
LogCook: Display: Processing object bucket 192 / 187 (deterministic ordering)
LogCookCommandlet: Display: Cook by the book.
LogCookCommandlet: Display: Cooking package /Game/Maps/TestMap...
LogCookCommandlet: Display: Cooking package /Game/Characters/Player...
LogCookCommandlet: Display: Saving cooked packages for platform Win64
LogCookCommandlet: Display: Saving cooked packages for platform Mac
LogCook: Display: Cook Diagnostics: OpenFileHandles peak=4096
LogCook: Display: Cook Diagnostics: Packages Cooked: 1842
LogCook: Display: Cook completed in 900s. Result: Success.
